// Jest Snapshot v1, https://goo.gl/fbAQLP

exports[`m-periodpicker should render correctly 1`] = `
<div>
    <m-validation-message-stub transition="true"></m-validation-message-stub>
</div>
`;
