// Jest Snapshot v1, https://goo.gl/fbAQLP

exports[`Storyshots components|m-select default 1`] = `
<div>
  <div
    class="m-select"
    style="width: 100%; max-width: 288px;"
    tabindex="0"
  >
    <div
      class="m-input-style m--has-cursor-pointer m--has-value m--is-tag-default"
      style="margin-top: 10px;"
    >
      <div
        class="m-input-style__main"
      >
        <div
          class="m-input-style__body"
        >
          <span
            class="m-input-style__label"
            style="z-index: -1;"
          >
            <span
              class="m-input-style__text"
            />
          </span>
           
          <div
            class="m-input-style__input"
          >
            <div
              class="m-input-style__prefix"
            />
             
            <div
              class="m-input-style__content"
            >
              <div>
                avocados
              </div>
                
              <!---->
               
              <!---->
            </div>
             
            <div
              class="m-input-style__suffix"
            >
               
              <!---->
            </div>
          </div>
        </div>
         
        <!---->
      </div>
    </div>
     
    <div
      class="m-validation-message m-select__validation-message"
    >
      <!---->
       
      <!---->
    </div>
     
    <div
      class="m-popup"
    >
      <div
        class="m-popper"
      >
         
        <!---->
      </div>
       
      <!---->
    </div>
  </div>
   
  <p>
    v-model = avocados
  </p>
</div>
`;
