// Jest Snapshot v1, https://goo.gl/fbAQLP

exports[`MTreeIcon When the node is a folder When the node uses plus icons Should render correctly 1`] = `<m-plus large="true" aria-hidden="true" class="m-accordion__header-icon m--is-left"></m-plus>`;
