// Jest Snapshot v1, https://goo.gl/fbAQLP

exports[`MTextfield should render correctly 1`] = `
<div class="m-integerfield" style="width:100%;max-width:288px;">
  <div class="m-input-style m--is-tag-default">
    <div class="m-input-style__content" style="margin-top:10px;"><span class="m-input-style__label" style="z-index:-1;"><span class="m-input-style__text"></span></span>
      <div class="m-input-style__body">
        <div class="m-input-style__prefix"></div>
        <div class="m-input-style__left-content"> <input id="mIntegerfield-uuid" inputmode="decimal" class="m-integerfield__input"> </div>
        <div class="m-input-style__right-content"></div>
      </div>
    </div>
  </div>
  <div class="m-integerfield__validation">
    <div class="m-validation-message m-integerfield__validation__message"> </div>
  </div>
</div>
`;
