// Jest Snapshot v1, https://goo.gl/fbAQLP

exports[`Page not found - test Given custom values Should render with custom values provided 1`] = `<div state="information" svg-name="m-svg__error-access-denied" title="An error title." hints="aHint" links="[object Object]"></div>`;

exports[`Page not found - test Given default values Should render with default values 1`] = `<div state="information" svg-name="m-svg__error-access-denied" title="m-error-access-denied:title" hints="m-error-access-denied:hint.primary"></div>`;
